listeningStarted
xModified 4
xModified 5
listeningStopped
listeningStarted
yModified 3
yModified 4
listeningStopped
