14:10:56.597 Date and time is 2017-11-19 14:10:56
14:10:56.597 info: This is a test
14:10:56.608 debug: Now
Logging to t.log
This is a file test
